// Jest Snapshot v1, https://goo.gl/fbAQLP

exports[`Snapshot of above test AND CSS 1`] = `
<div
  className="elementButtonDiv"
>
  <div
    class="centeredDivPerfectButtonSize"
  >
    <button
      onClick={[Function]}
      style={
        Object {
          "background": undefined,
        }
      }
    />
  </div>
  <p>
    +1 damage to 
    <span
      style={
        Object {
          "backgroundColor": "black",
          "color": undefined,
        }
      }
    />
    .
  </p>
</div>
`;
